Termination symbol 0x84
       Bin             ASCII      Symbol
     A     10        A      10      LF
    8D    141        D      13      CR
    A5    165       25      37      %
    28     40       28      40      (
    A9    169       29      41      )
    AA    170       2A      42      *
    2B     43       2B      43      +
    A0    160       2C      44      ,
    2D     45       2D      45      -
    2E     46       2E      46      .
    AF    175       2F      47      /
    30     48       30      48      0
    B1    177       31      49      1
    B2    178       32      50      2
    33     51       33      51      3
    B4    180       34      52      4
    35     53       35      53      5
    36     54       36      54      6
    B7    183       37      55      7
    B8    184       38      56      8
    39     57       39      57      9
    41     65       41      65      A
    42     66       42      66      B
    C3    195       43      67      C
    44     68       44      68      D
    C5    197       45      69      E
    C6    198       46      70      F
    47     71       47      71      G
    48     72       48      72      H
    C9    201       49      73      I
    CA    202       4A      74      J
    4B     75       4B      75      K
    CC    204       4C      76      L
    4D     77       4D      77      M
    4E     78       4E      78      N
    CF    207       4F      79      O
    50     80       50      80      P
    D1    209       51      81      Q
    D2    210       52      82      R
    53     83       53      83      S
    D4    212       54      84      T
    55     85       55      85      U
    56     86       56      86      V
    D7    215       57      87      W
    D8    216       58      88      X
    59     89       59      89      Y
    5A     90       5A      90      Z
